-0001|-00:00:01|ArchetypeAgent|0|believes isDriving=false @@
-0001|-00:00:01|ArchetypeAgent|0|believes Age=null #Age @@
-0001|-00:00:01|ArchetypeAgent|0|believes AgentId=null #AgentId @@
-0001|-00:00:01|ArchetypeAgent|0|believes Archetype=Considered.Evacuator #Archetype @@
-0001|-00:00:01|ArchetypeAgent|0|believes ArchetypeAge=null #Archetypes.Age @@
-0001|-00:00:01|ArchetypeAgent|0|believes ArchetypeHousehold=null #Archetypes.Household @@
-0001|-00:00:01|ArchetypeAgent|0|believes AgentType=null #BDIAgentType @@
-0001|-00:00:01|ArchetypeAgent|0|believes Address=null #EZI_ADD @@
-0001|-00:00:01|ArchetypeAgent|0|believes Gender=null #Gender @@
-0001|-00:00:01|ArchetypeAgent|0|believes AddressCoordinates=null #Geographical.Coordinate @@
-0001|-00:00:01|ArchetypeAgent|0|believes HasDependents=false #HasDependents @@
-0001|-00:00:01|ArchetypeAgent|0|believes HasDependentsAtLocation= #HasDependentsAtLocation @@
-0001|-00:00:01|ArchetypeAgent|0|believes HouseholdId=null #HouseholdId @@
-0001|-00:00:01|ArchetypeAgent|0|believes isDriving=false #isDriving @@
-0001|-00:00:01|ArchetypeAgent|0|believes Id=null #Id @@
-0001|-00:00:01|ArchetypeAgent|0|believes ImpactFromFireDangerIndexRating=0.1 #ImpactFromFireDangerIndexRating @@
-0001|-00:00:01|ArchetypeAgent|0|believes ImpactFromImmersionInSmoke=0.4 #ImpactFromImmersionInSmoke @@
-0001|-00:00:01|ArchetypeAgent|0|believes ImpactFromMessageAdvice=0.4 #ImpactFromMessageAdvice @@
-0001|-00:00:01|ArchetypeAgent|0|believes ImpactFromMessageEmergencyWarning=0.6 #ImpactFromMessageEmergencyWarning @@
-0001|-00:00:01|ArchetypeAgent|0|believes ImpactFromMessageEvacuateNow=0.7 #ImpactFromMessageEvacuateNow @@
-0001|-00:00:01|ArchetypeAgent|0|believes ImpactFromMessageRespondersAttending=0.2 #ImpactFromMessageRespondersAttending @@
-0001|-00:00:01|ArchetypeAgent|0|believes ImpactFromMessageWatchAndAct=0.5 #ImpactFromMessageWatchAndAct @@
-0001|-00:00:01|ArchetypeAgent|0|believes ImpactFromSocialMessage=0.5 #ImpactFromSocialMessage @@
-0001|-00:00:01|ArchetypeAgent|0|believes ImpactFromVisibleEmbers=0.5 #ImpactFromVisibleEmbers @@
-0001|-00:00:01|ArchetypeAgent|0|believes ImpactFromVisibleFire=0.6 #ImpactFromVisibleFire @@
-0001|-00:00:01|ArchetypeAgent|0|believes ImpactFromVisibleResponders=0.4 #ImpactFromVisibleResponders @@
-0001|-00:00:01|ArchetypeAgent|0|believes ImpactFromVisibleSmoke=0.3 #ImpactFromVisibleSmoke @@
-0001|-00:00:01|ArchetypeAgent|0|believes LagTimeInMinsForInitialResponse=17.89 #LagTimeInMinsForInitialResponse @@
-0001|-00:00:01|ArchetypeAgent|0|believes LagTimeInMinsForFinalResponse=5.89 #LagTimeInMinsForFinalResponse @@
-0001|-00:00:01|ArchetypeAgent|0|believes LocationEvacuationPreference=FarFarAway,5000.0,0000.0 #EvacLocationPreference @@
-0001|-00:00:01|ArchetypeAgent|0|believes LocationInvacPreference=NotSoFarAway,2500.0,2500.0 #InvacLocationPreference @@
-0001|-00:00:01|ArchetypeAgent|0|believes LocationHome=0.000000,0.000000 #home @@
-0001|-00:00:01|ArchetypeAgent|0|believes LocationWork=5000.000000,5000.000000 #work @@
-0001|-00:00:01|ArchetypeAgent|0|believes PrimaryFamilyType=null #PrimaryFamilyType @@
-0001|-00:00:01|ArchetypeAgent|0|believes ResponseThresholdFinal=0.38 #ResponseThresholdFinal @@
-0001|-00:00:01|ArchetypeAgent|0|believes ResponseThresholdInitial=-0.02 #ResponseThresholdInitial @@
-0001|-00:00:01|ArchetypeAgent|0|believes Sa1=null #SA1_7DIGCODE @@
-0001|-00:00:01|ArchetypeAgent|0|believes Sa2=null #SA2_MAINCODE @@
-0001|-00:00:01|ArchetypeAgent|0|believes WillGoHomeAfterVisitingDependents=false #WillGoHomeAfterVisitingDependents @@
-0001|-00:00:01|ArchetypeAgent|0|believes WillGoHomeBeforeLeaving=false #WillGoHomeBeforeLeaving @@
-0001|-00:00:01|ArchetypeAgent|0|believes WillStay=false #WillStay @@
-0001|-00:00:01|ArchetypeAgent|0|believes anxietyFromSituation=0.0 @@
-0001|-00:00:01|ArchetypeAgent|0|believes anxietyFromSocialMessages=0.0 @@
-0001|-00:00:01|ArchetypeAgent|0|believes anxietyFromEmergencyMessages=0.0 @@
-0001|-00:00:01|ArchetypeAgent|0|believes futureValueOfFireDangerIndexRating=0.1 @@
-0001|-00:00:01|ArchetypeAgent|0|believes futureValueOfSmokeImmersion=0.4 @@
-0001|-00:00:01|ArchetypeAgent|0|believes futureValueOfMessageAdvice=0.4 @@
-0001|-00:00:01|ArchetypeAgent|0|believes futureValueOfMessageEmergencyWarning=0.6 @@
-0001|-00:00:01|ArchetypeAgent|0|believes futureValueOfMessageEvacuateNow=0.7 @@
-0001|-00:00:01|ArchetypeAgent|0|believes futureValueOfMessageRespondersAttending=0.2 @@
-0001|-00:00:01|ArchetypeAgent|0|believes futureValueOfMessageWatchAndAct=0.5 @@
-0001|-00:00:01|ArchetypeAgent|0|believes futureValueOfMessageSocial=0.5 @@
-0001|-00:00:01|ArchetypeAgent|0|believes futureValueOfVisibleEmbers=0.5 @@
-0001|-00:00:01|ArchetypeAgent|0|believes futureValueOfVisibleResponders=0.4 @@
-0001|-00:00:01|ArchetypeAgent|0|believes futureValueOfVisibleFire=0.6 @@
-0001|-00:00:01|ArchetypeAgent|0|believes futureValueOfVisibleSmoke=0.3 @@
-0001|-00:00:01|ArchetypeAgent|0|believes responseThresholdInitialReached=null @@
-0001|-00:00:01|ArchetypeAgent|0|believes responseThresholdFinalReached=null @@
03600|01:00:00|ArchetypeAgent|0|started driving to work @@
03600|01:00:00|ArchetypeAgent|0|finished activity home @@
04030|01:07:10|ArchetypeAgent|0|stopped driving @@
04030|01:07:10|ArchetypeAgent|0|started activity work @@
04200|01:10:00|ArchetypeAgent|0|started driving to home @@
04200|01:10:00|ArchetypeAgent|0|finished activity work @@
04333|01:12:13|ArchetypeAgent|0|saw embers @@
04333|01:12:13|ArchetypeAgent|0|believes anxietyFromSituation=0.5 @@
04333|01:12:13|ArchetypeAgent|0|believes futureValueOfVisibleEmbers=0.0 @@
04333|01:12:13|ArchetypeAgent|0|believes responseThresholdInitialReached=true @@
04333|01:12:13|ArchetypeAgent|0|believes responseThresholdFinalReached=true @@
04333|01:12:13|ArchetypeAgent|0|thinks GoalFullResponse~>PlanFullResponse is applicable
04333|01:12:13|ArchetypeAgent|0|thinks GoalInitialResponse~>PlanResponseWhenDependentsAfar is not applicable
04333|01:12:13|ArchetypeAgent|0|thinks GoalInitialResponse~>PlanResponseWhenDependentsNearby is not applicable
04333|01:12:13|ArchetypeAgent|0|thinks GoalInitialResponse~>PlanResponseWithoutDependents is applicable
04333|01:12:13|ArchetypeAgent|0|thinks GoalInitialResponse~>PlanDoNothing is applicable
04333|01:12:13|ArchetypeAgent|0|will wait and see #GoalInitialResponse~>PlanResponseWithoutDependents
04333|01:12:13|ArchetypeAgent|0|thinks GoalFinalResponse~>PlanLeaveNow is applicable
04333|01:12:13|ArchetypeAgent|0|thinks GoalFinalResponse~>PlanStayAndDefend is not applicable
04333|01:12:13|ArchetypeAgent|0|will go to evac location (FarFarAway, coords=5000.0,0.0) #GoalFinalResponse~>PlanLeaveNow
04333|01:12:13|ArchetypeAgent|0|thinks GoalGoto~>PlanGoto is applicable
04333|01:12:13|ArchetypeAgent|0|will start driving to (FarFarAway, coords=5000.0,0.0) 6000m away #GoalGoto~>PlanGoto
04333|01:12:13|ArchetypeAgent|0|believes isDriving=true @@
04378|01:12:58|ArchetypeAgent|0|stopped driving @@
04378|01:12:58|ArchetypeAgent|0|started activity Replan @@
04545|01:15:45|ArchetypeAgent|0|started driving to EvacPlace @@
04545|01:15:45|ArchetypeAgent|0|finished activity Replan @@
04546|01:15:46|ArchetypeAgent|0|saw embers @@
04546|01:15:46|ArchetypeAgent|0|believes anxietyFromSituation=0.5 @@
04546|01:15:46|ArchetypeAgent|0|believes futureValueOfVisibleEmbers=0.0 @@
04592|01:16:32|ArchetypeAgent|0|saw embers @@
04592|01:16:32|ArchetypeAgent|0|believes anxietyFromSituation=0.5 @@
04592|01:16:32|ArchetypeAgent|0|believes futureValueOfVisibleEmbers=0.0 @@
04652|01:17:32|ArchetypeAgent|0|saw embers @@
04652|01:17:32|ArchetypeAgent|0|believes anxietyFromSituation=0.5 @@
04652|01:17:32|ArchetypeAgent|0|believes futureValueOfVisibleEmbers=0.0 @@
04712|01:18:32|ArchetypeAgent|0|saw embers @@
04712|01:18:32|ArchetypeAgent|0|believes anxietyFromSituation=0.5 @@
04712|01:18:32|ArchetypeAgent|0|believes futureValueOfVisibleEmbers=0.0 @@
04772|01:19:32|ArchetypeAgent|0|saw embers @@
04772|01:19:32|ArchetypeAgent|0|believes anxietyFromSituation=0.5 @@
04772|01:19:32|ArchetypeAgent|0|believes futureValueOfVisibleEmbers=0.0 @@
05023|01:23:43|ArchetypeAgent|0|stopped driving @@
05023|01:23:43|ArchetypeAgent|0|started activity EvacPlace @@
05023|01:23:43|ArchetypeAgent|0|finished driving to (FarFarAway, coords=5000.0,0.0) 0m away after 1 tries #GoalGoto~>PlanGoto
05023|01:23:43|ArchetypeAgent|0|believes isDriving=false @@
05023|01:23:43|ArchetypeAgent|0|reached evac location (FarFarAway, coords=5000.0,0.0) #GoalFinalResponse~>PlanLeaveNow
